// Jest Snapshot v1, https://goo.gl/fbAQLP

exports[`PageHeader.vue should render correctly on initial render 1`] = `
<section class="hero is-primary welcome is-small is-bold">
  <div class="hero-body">
    <h1 class="title">User Profile</h1>
    <h2 class="subtitle">Update password and profile settings</h2>
  </div>
</section>
`;
