// Jest Snapshot v1, https://goo.gl/fbAQLP

exports[`PasswordReset.vue should render correctly on initial render 1`] = `
<div class="password-reset-page hero is-dark is-fullheight">
  <div class="hero-body">
    <div class="container">
      <div class="columns">
        <div class="column is-4 is-offset-4 password-message">
          <article class="message is-danger">
            <div class="message-header"><i class="material-icons">error</i> <span>
                                Password Update Required
                            </span></div>
            <div class="message-body">
              Your password needs to be updated immediately.
            </div>
          </article>
        </div>
      </div>
      <div class="columns">
        <div class="column is-4 is-offset-4 box">
          <!---->
          <p class="title has-text-weight-bold is-4">
            Reset Password
          </p>
          <form>
            <div class="field"><label class="label">New Password</label>
              <div class="control has-icons-right"><input type="password" placeholder="New Password" class="input password">
                <!---->
                <!---->
              </div>
            </div>
            <div class="field"><label class="label">Confirm Password</label>
              <div class="control has-icons-right"><input type="password" placeholder="Confirm Password" class="input confirmation">
                <!---->
                <!---->
              </div>
            </div> <a type="button" class="button save is-primary is-fullwidth">
              Update Password
            </a>
          </form>
        </div>
      </div>
    </div>
  </div>
</div>
`;
