// Jest Snapshot v1, https://goo.gl/fbAQLP

exports[`Sidebar.vue should render correctly on initial render 1`] = `
<aside class="menu">
  <div class="brand"><img src="../../assets/brand.png" width="150px" class="brand-icon"></div>
  <p class="menu-label">Builds</p>
  <ul class="menu-list">
    <li>
      <router-link-stub to="[object Object]" active-class="is-active"><i class="fas fa-lg fa-drafting-compass"></i>
        UK-West-1
      </router-link-stub>
    </li>
  </ul>
  <p class="menu-label">Datacenter Builds</p>
  <ul class="menu-list">
    <li class="nav-item">
      <router-link-stub to="[object Object]" active-class="is-active"><i class="fas fa-lg fa-satellite-dish"></i> <span>Status</span></router-link-stub>
    </li>
    <li class="nav-item">
      <router-link-stub to="[object Object]" active-class="is-active"><i class="fas fa-lg fa-search"></i> <span>Browse</span></router-link-stub>
    </li>
    <li class="nav-item">
      <router-link-stub to="[object Object]" active-class="is-active"><i class="fas fa-lg fa-server"></i> <span>Devices</span></router-link-stub>
    </li>
  </ul>
  <!---->
  <!---->
  <p class="menu-label">Conch</p>
  <ul class="menu-list">
    <li class="nav-item">
      <router-link-stub to="[object Object]" active-class="is-active"><i class="fas fa-lg fa-user"></i> <span>Profile</span></router-link-stub>
    </li>
    <li class="nav-item"><a class="sign-out"><i class="fas fa-lg fa-sign-out-alt"></i> <span>Log Out</span></a></li>
  </ul>
</aside>
`;
